[new.landingi.com/remote-preview-frame/92df685523239f8a076e.html]
[backblue.gif]
[fade.gif]
[index.html]
[styles.assets-landingi.com/assets/css/2.10-landend-base.css]
[styles.assets-landingi.com/BdafeGbe/preview.css]
[images.assets-landingi.com/19fdK0NK/bez_nazwy.png]
[images.assets-landingi.com/5c5cSaEd/img_6.jpg]
[ajax.googleapis.com/ajax/libs/jquery/1.9.1/jquery.min.js]
[old.assets-landingi.com/bootstrap/js/landend.bootstrap.min.js]
[old.assets-landingi.com/bootstrap/js/bootbox.min.js]
[old.assets-landingi.com/js/landing.js]
[old.assets-landingi.com/assets/js/dist/landend/3285/landend.js]
[old.assets-landingi.com/assets/js/landend/anchors/v02.js]
[old.assets-landingi.com/assets/js/landend/140618-2/landend.js]
[old.assets-landingi.com/assets/js/vendor/jquery-form/jquery.form.min.js]
[new.landingi.com/remote-preview-frame/92df685523239f8a076e.html]
[old.assets-landingi.com/assets/js/landend/180918/validation.js]
[styles.assets-landingi.com/assets/css/2.10-landend-base.css]
[scripts.assets-landingi.com/video-bg/v0.5/videoBackground.js]
[images.assets-landingi.com/b9n3dJ3Q/list.png]
[images.assets-landingi.com/5rD41Yfc/img_2.jpg]
[images.assets-landingi.com/K20e4ddd/img_3.jpg]
[images.assets-landingi.com/51d0tru4/img_4.jpg]
[styles.assets-landingi.com/BdafeGbe/preview.css]
[images.assets-landingi.com/Rda19e0A/img_5.jpg]
[old.assets-landingi.com/bootstrap/js/landend.bootstrap.min.js]
[old.assets-landingi.com/bootstrap/js/bootbox.min.js]
[old.assets-landingi.com/js/landing.js]
